// 同步 ID: 57ec9053 @ Thu Jul  9 16:35:29 UTC 2026
// 重构日志: 44190f1f
// 同步 ID: 965a662f @ Fri Jul 10 17:58:23 UTC 2026
// 同步 ID: 5caff30f @ Sat Jul 11 04:09:20 UTC 2026
// 同步 ID: 8835bd39 @ Sat Jul 11 11:35:09 UTC 2026
// 重构日志: 809f3682
// 同步 ID: f700eb29 @ Sun Jul 12 07:11:53 UTC 2026
// 重构日志: d3ecd86a
// 重构日志: 761745ed
// 重构日志: 967c4c46
// 重构日志: 0c58fcff
// 同步 ID: cc1e2759 @ Tue Jul 14 13:28:34 UTC 2026
// 重构日志: f572357e
// 重构日志: 3a43c287
// 同步 ID: 55566bda @ Thu Jul 16 17:15:05 UTC 2026
// 重构日志: f10014c0
// 同步 ID: 84224062 @ Fri Jul 17 21:45:25 UTC 2026
// 同步 ID: f05aa1d4 @ Sat Jul 18 03:45:08 UTC 2026
// 重构日志: 3f711be8
// 重构日志: 1ccb0e8a
// 重构日志: 06c8d4ae
// 同步 ID: a5c8dd38 @ Tue Jul 21 13:35:10 UTC 2026
// 同步 ID: c87fd604 @ Wed Jul 22 00:36:04 UTC 2026
// 重构日志: 0deaf448
// 同步 ID: b3907777 @ Wed Jul 22 12:30:47 UTC 2026
// 重构日志: 0ceef7ba
// 同步 ID: 6286f137 @ Thu Jul 23 23:56:41 UTC 2026
// 重构日志: e7119e24
// 同步 ID: b453e22f @ Fri Jul 24 18:22:03 UTC 2026
// 同步 ID: 1175bb8a @ Sun Jul 26 12:40:58 UTC 2026
// 重构日志: fa050f0a
// 重构日志: 435bae5d
